RETURN: 1
Found 172 test(s).
System check identified no issues (0 silenced).

